<html>
<body>
<pre>
<h1>µVision Build Log</h1>
<h2>Tool Versions:</h2>
IDE-Version: µVision V5.28.0.0
Copyright (C) 2019 ARM Ltd and ARM Germany GmbH. All rights reserved.
License Information: Loic Debuchy, ESIEE, LIC=EPPLD-8QXGQ-GQL0H-WV955-QP612-1QZLJ
 
Tool Versions:
Toolchain:       MDK-ARM Professional  Version: 5.28.0.0
Toolchain Path:  C:\Keil_v5\ARM\ARMCC\Bin
C Compiler:      Armcc.exe V5.06 update 6 (build 750)
Assembler:       Armasm.exe V5.06 update 6 (build 750)
Linker/Locator:  ArmLink.exe V5.06 update 6 (build 750)
Library Manager: ArmAr.exe V5.06 update 6 (build 750)
Hex Converter:   FromElf.exe V5.06 update 6 (build 750)
CPU DLL:         SARMCM3.DLL V5.28.0.0
Dialog DLL:      DCM.DLL V1.17.3.0
Target DLL:      lmidk-agdi.dll V???
Dialog DLL:      TCM.DLL V1.36.2.0
 
<h2>Project:</h2>
C:\Users\loicd\Documents\GitHub\Quirinus\Quirinus.uvprojx
Project File Date:  01/12/2025

<h2>Output:</h2>
*** Using Compiler 'V5.06 update 6 (build 750)', folder: 'C:\Keil_v5\ARM\ARMCC\Bin'
Rebuild target 'Target 1'
assembling startup_ARMCM3.s...
assembling switch_config.s...
Programs\switch_config.s(67): warning: A1581W: Added 2 bytes of padding at address 0x46
assembling bumper_config.s...
Programs\bumper_config.s(67): warning: A1581W: Added 2 bytes of padding at address 0x46
assembling main.s...
assembling led_config.s...
Programs\led_config.s(105): warning: A1581W: Added 2 bytes of padding at address 0x7e
assembling motor_config.s...
compiling system_ARMCM3.c...
linking...
.\Objects\Quirinus.axf: Warning: L6305W: Image does not have an entry point. (Not specified or not set due to multiple choices.)
.\Objects\Quirinus.sct(8): warning: L6314W: No section matches pattern *(InRoot$$Sections).
Program Size: Code=1928 RO-data=960 RW-data=4 ZI-data=1028  
Finished: 0 information, 2 warning and 0 error messages.
".\Objects\Quirinus.axf" - 0 Error(s), 5 Warning(s).

<h2>Software Packages used:</h2>

Package Vendor: ARM
                http://www.keil.com/pack/ARM.CMSIS.5.9.0.pack
                ARM.CMSIS.5.9.0
                CMSIS (Common Microcontroller Software Interface Standard)
   * Component: CORE Version: 5.6.0
   * Component: Startup Version: 1.2.2

<h2>Collection of Component include folders:</h2>
  .\RTE\_Target_1
  C:\Users\loicd\AppData\Local\Arm\Packs\ARM\CMSIS\5.9.0\CMSIS\Core\Include
  C:\Users\loicd\AppData\Local\Arm\Packs\ARM\CMSIS\5.9.0\Device\ARM\ARMCM3\Include

<h2>Collection of Component Files used:</h2>

   * Component: ARM::CMSIS:CORE:5.6.0

   * Component: ARM::Device:Startup:1.2.2
      Include file:  Device\ARM\ARMCM3\Include\ARMCM3.h
      Source file:   Device\ARM\ARMCM3\Source\ARM\startup_ARMCM3.s
      Source file:   Device\ARM\ARMCM3\Source\system_ARMCM3.c
Build Time Elapsed:  00:00:02
</pre>
</body>
</html>
