


ARM Macro Assembler    Page 1 


    1 00000000                 AREA             |.text|, CODE, READONLY
    2 00000000         
    3 00000000         ; Import des controles de périphérique
    4 00000000         ; Controle moteur
    5 00000000                 IMPORT           MOTEUR_INIT ; initialise les mo
                                                            teurs (configure le
                                                            s pwms + GPIO)
    6 00000000                 IMPORT           MOTEUR_DROIT_ON ; activer le mo
                                                            teur droit
    7 00000000                 IMPORT           MOTEUR_DROIT_OFF ; déactiver le
                                                             moteur droit
    8 00000000                 IMPORT           MOTEUR_DROIT_AVANT ; moteur dro
                                                            it tourne vers l'av
                                                            ant
    9 00000000                 IMPORT           MOTEUR_DROIT_ARRIERE ; moteur d
                                                            roit tourne vers l'
                                                            arrière
   10 00000000                 IMPORT           MOTEUR_GAUCHE_ON ; activer le m
                                                            oteur gauche
   11 00000000                 IMPORT           MOTEUR_GAUCHE_OFF ; déactiver l
                                                            e moteur gauche
   12 00000000                 IMPORT           MOTEUR_GAUCHE_AVANT ; moteur ga
                                                            uche tourne vers l'
                                                            avant
   13 00000000                 IMPORT           MOTEUR_GAUCHE_ARRIERE ; moteur 
                                                            gauche tourne vers 
                                                            l'arrière
   14 00000000         
   15 00000000         ; Controle led
   16 00000000                 IMPORT           LED_INIT
   17 00000000                 IMPORT           LED_DROITE_ON
   18 00000000                 IMPORT           LED_DROITE_OFF
   19 00000000                 IMPORT           LED_GAUCHE_ON
   20 00000000                 IMPORT           LED_GAUCHE_OFF
   21 00000000         
   22 00000000         ; Controle Switch
   23 00000000         
   24 00000000                 ENTRY
   25 00000000                 EXPORT           __main
   26 00000000         __main
   27 00000000         
   28 00000000 F7FF FFFE       BL               MOTEUR_INIT
   29 00000004 F7FF FFFE       BL               LED_INIT
   30 00000008         
   31 00000008         ;loop 
   32 00000008         
   33 00000008 F7FF FFFE       BL               LED_DROITE_ON
   34 0000000C F7FF FFFE       BL               LED_GAUCHE_ON
   35 00000010 F7FF FFFE       BL               LED_DROITE_OFF
   36 00000014         
   37 00000014         ;b loop
   38 00000014         
   39 00000014 BF00            nop
   40 00000016                 END
Command Line: --debug --xref --diag_suppress=9931 --cpu=Cortex-M3 --apcs=interw
ork --depend=.\objects\main.d -o.\objects\main.o -I.\RTE\_Target_1 -IC:\Users\l
oicd\AppData\Local\Arm\Packs\ARM\CMSIS\5.9.0\CMSIS\Core\Include -IC:\Users\loic
d\AppData\Local\Arm\Packs\ARM\CMSIS\5.9.0\Device\ARM\ARMCM3\Include --predefine
="__MICROLIB SETA 1" --predefine="__UVISION_VERSION SETA 528" --predefine="_RTE



ARM Macro Assembler    Page 2 


_ SETA 1" --predefine="ARMCM3 SETA 1" --list=.\listings\main.lst Programs\main.
s



ARM Macro Assembler    Page 1 Alphabetic symbol ordering
Relocatable symbols

.text 00000000

Symbol: .text
   Definitions
      At line 1 in file Programs\main.s
   Uses
      None
Comment: .text unused
__main 00000000

Symbol: __main
   Definitions
      At line 26 in file Programs\main.s
   Uses
      At line 25 in file Programs\main.s
Comment: __main used once
2 symbols



ARM Macro Assembler    Page 1 Alphabetic symbol ordering
External symbols

LED_DROITE_OFF 00000000

Symbol: LED_DROITE_OFF
   Definitions
      At line 18 in file Programs\main.s
   Uses
      At line 35 in file Programs\main.s
Comment: LED_DROITE_OFF used once
LED_DROITE_ON 00000000

Symbol: LED_DROITE_ON
   Definitions
      At line 17 in file Programs\main.s
   Uses
      At line 33 in file Programs\main.s
Comment: LED_DROITE_ON used once
LED_GAUCHE_OFF 00000000

Symbol: LED_GAUCHE_OFF
   Definitions
      At line 20 in file Programs\main.s
   Uses
      None
Comment: LED_GAUCHE_OFF unused
LED_GAUCHE_ON 00000000

Symbol: LED_GAUCHE_ON
   Definitions
      At line 19 in file Programs\main.s
   Uses
      At line 34 in file Programs\main.s
Comment: LED_GAUCHE_ON used once
LED_INIT 00000000

Symbol: LED_INIT
   Definitions
      At line 16 in file Programs\main.s
   Uses
      At line 29 in file Programs\main.s
Comment: LED_INIT used once
MOTEUR_DROIT_ARRIERE 00000000

Symbol: MOTEUR_DROIT_ARRIERE
   Definitions
      At line 9 in file Programs\main.s
   Uses
      None
Comment: MOTEUR_DROIT_ARRIERE unused
MOTEUR_DROIT_AVANT 00000000

Symbol: MOTEUR_DROIT_AVANT
   Definitions
      At line 8 in file Programs\main.s
   Uses
      None
Comment: MOTEUR_DROIT_AVANT unused
MOTEUR_DROIT_OFF 00000000

Symbol: MOTEUR_DROIT_OFF



ARM Macro Assembler    Page 2 Alphabetic symbol ordering
External symbols

   Definitions
      At line 7 in file Programs\main.s
   Uses
      None
Comment: MOTEUR_DROIT_OFF unused
MOTEUR_DROIT_ON 00000000

Symbol: MOTEUR_DROIT_ON
   Definitions
      At line 6 in file Programs\main.s
   Uses
      None
Comment: MOTEUR_DROIT_ON unused
MOTEUR_GAUCHE_ARRIERE 00000000

Symbol: MOTEUR_GAUCHE_ARRIERE
   Definitions
      At line 13 in file Programs\main.s
   Uses
      None
Comment: MOTEUR_GAUCHE_ARRIERE unused
MOTEUR_GAUCHE_AVANT 00000000

Symbol: MOTEUR_GAUCHE_AVANT
   Definitions
      At line 12 in file Programs\main.s
   Uses
      None
Comment: MOTEUR_GAUCHE_AVANT unused
MOTEUR_GAUCHE_OFF 00000000

Symbol: MOTEUR_GAUCHE_OFF
   Definitions
      At line 11 in file Programs\main.s
   Uses
      None
Comment: MOTEUR_GAUCHE_OFF unused
MOTEUR_GAUCHE_ON 00000000

Symbol: MOTEUR_GAUCHE_ON
   Definitions
      At line 10 in file Programs\main.s
   Uses
      None
Comment: MOTEUR_GAUCHE_ON unused
MOTEUR_INIT 00000000

Symbol: MOTEUR_INIT
   Definitions
      At line 5 in file Programs\main.s
   Uses
      At line 28 in file Programs\main.s
Comment: MOTEUR_INIT used once
14 symbols
350 symbols in table
