Component: ARM Compiler 5.06 update 6 (build 750) Tool: armlink [4d35ed]

==============================================================================

Section Cross References

    main.o(.text) refers (Special) to led_config.o(.text) for LED_GAUCHE_OFF
    main.o(.text) refers (Special) to motor_config.o(.text) for MOTEUR_DROIT_ARRIERE
    startup_armcm3.o(RESET) refers to startup_armcm3.o(STACK) for __initial_sp
    startup_armcm3.o(RESET) refers to startup_armcm3.o(.text) for Reset_Handler
    startup_armcm3.o(.text) refers to system_armcm3.o(i.SystemInit) for SystemInit
    startup_armcm3.o(.text) refers to main.o(.text) for __main
    system_armcm3.o(i.SystemCoreClockUpdate) refers to system_armcm3.o(.data) for SystemCoreClock
    system_armcm3.o(i.SystemInit) refers to startup_armcm3.o(RESET) for __Vectors
    system_armcm3.o(i.SystemInit) refers to system_armcm3.o(.data) for SystemCoreClock


==============================================================================

Removing Unused input sections from the image.

    Removing startup_armcm3.o(HEAP), (3072 bytes).
    Removing system_armcm3.o(.rev16_text), (4 bytes).
    Removing system_armcm3.o(.revsh_text), (4 bytes).
    Removing system_armcm3.o(.rrx_text), (6 bytes).
    Removing system_armcm3.o(i.SystemCoreClockUpdate), (16 bytes).

5 unused section(s) (total 3102 bytes) removed from the image.

==============================================================================

Image Symbol Table

    Local Symbols

    Symbol Name                              Value     Ov Type        Size  Object(Section)

    RESET                                    0x00000000   Section      960  startup_armcm3.o(RESET)
    Programs\led_config.s                    0x00000000   Number         0  led_config.o ABSOLUTE
    Programs\main.s                          0x00000000   Number         0  main.o ABSOLUTE
    Programs\motor_config.s                  0x00000000   Number         0  motor_config.o ABSOLUTE
    RTE\Device\ARMCM3\startup_ARMCM3.s       0x00000000   Number         0  startup_armcm3.o ABSOLUTE
    RTE\Device\ARMCM3\system_ARMCM3.c        0x00000000   Number         0  system_armcm3.o ABSOLUTE
    RTE\\Device\\ARMCM3\\system_ARMCM3.c     0x00000000   Number         0  system_armcm3.o ABSOLUTE
    .text                                    0x000003c0   Section       22  main.o(.text)
    .text                                    0x000003d8   Section      152  led_config.o(.text)
    .text                                    0x00000470   Section      460  motor_config.o(.text)
    .text                                    0x0000063c   Section       56  startup_armcm3.o(.text)
    i.SystemInit                             0x00000674   Section        0  system_armcm3.o(i.SystemInit)
    .data                                    0x20000000   Section        4  system_armcm3.o(.data)
    STACK                                    0x20000008   Section     1024  startup_armcm3.o(STACK)

    Global Symbols

    Symbol Name                              Value     Ov Type        Size  Object(Section)

    BuildAttributes$$THM_ISAv4$P$D$K$B$S$PE$A:L22UL41UL21$X:L11$S22US41US21$IEEE1$IW$USESV6$~STKCKD$USESV7$~SHL$OSPACE$EBA8$MICROLIB$REQ8$PRES8$EABIv2 0x00000000   Number         0  anon$$obj.o ABSOLUTE
    __Vectors                                0x00000000   Data           4  startup_armcm3.o(RESET)
    __Vectors_End                            0x000003c0   Data           0  startup_armcm3.o(RESET)
    __Vectors_Size                           0x000003c0   Number         0  startup_armcm3.o ABSOLUTE
    __main                                   0x000003c1   Thumb Code     0  main.o(.text)
    LED_INIT                                 0x000003d9   Thumb Code     0  led_config.o(.text)
    LED_DROITE_ON                            0x00000427   Thumb Code     0  led_config.o(.text)
    LED_DROITE_OFF                           0x00000433   Thumb Code     0  led_config.o(.text)
    LED_GAUCHE_ON                            0x0000043f   Thumb Code     0  led_config.o(.text)
    LED_GAUCHE_OFF                           0x0000044b   Thumb Code     0  led_config.o(.text)
    MOTEUR_INIT                              0x00000471   Thumb Code     0  motor_config.o(.text)
    MOTEUR_DROIT_ON                          0x00000575   Thumb Code     0  motor_config.o(.text)
    MOTEUR_DROIT_OFF                         0x00000581   Thumb Code     0  motor_config.o(.text)
    MOTEUR_GAUCHE_ON                         0x0000058d   Thumb Code     0  motor_config.o(.text)
    MOTEUR_GAUCHE_OFF                        0x00000599   Thumb Code     0  motor_config.o(.text)
    MOTEUR_DROIT_ARRIERE                     0x000005a5   Thumb Code     0  motor_config.o(.text)
    MOTEUR_DROIT_AVANT                       0x000005af   Thumb Code     0  motor_config.o(.text)
    MOTEUR_GAUCHE_ARRIERE                    0x000005b9   Thumb Code     0  motor_config.o(.text)
    MOTEUR_GAUCHE_AVANT                      0x000005c3   Thumb Code     0  motor_config.o(.text)
    Reset_Handler                            0x0000063d   Thumb Code     8  startup_armcm3.o(.text)
    HardFault_Handler                        0x00000645   Thumb Code     2  startup_armcm3.o(.text)
    NMI_Handler                              0x00000647   Thumb Code     2  startup_armcm3.o(.text)
    MemManage_Handler                        0x00000649   Thumb Code     2  startup_armcm3.o(.text)
    BusFault_Handler                         0x0000064b   Thumb Code     2  startup_armcm3.o(.text)
    UsageFault_Handler                       0x0000064d   Thumb Code     2  startup_armcm3.o(.text)
    SVC_Handler                              0x0000064f   Thumb Code     2  startup_armcm3.o(.text)
    DebugMon_Handler                         0x00000651   Thumb Code     2  startup_armcm3.o(.text)
    PendSV_Handler                           0x00000653   Thumb Code     2  startup_armcm3.o(.text)
    SysTick_Handler                          0x00000655   Thumb Code     2  startup_armcm3.o(.text)
    Interrupt0_Handler                       0x00000657   Thumb Code     2  startup_armcm3.o(.text)
    Interrupt1_Handler                       0x00000659   Thumb Code     2  startup_armcm3.o(.text)
    Interrupt2_Handler                       0x0000065b   Thumb Code     2  startup_armcm3.o(.text)
    Interrupt3_Handler                       0x0000065d   Thumb Code     2  startup_armcm3.o(.text)
    Interrupt4_Handler                       0x0000065f   Thumb Code     2  startup_armcm3.o(.text)
    Interrupt5_Handler                       0x00000661   Thumb Code     2  startup_armcm3.o(.text)
    Interrupt6_Handler                       0x00000663   Thumb Code     2  startup_armcm3.o(.text)
    Interrupt7_Handler                       0x00000665   Thumb Code     2  startup_armcm3.o(.text)
    Interrupt8_Handler                       0x00000667   Thumb Code     2  startup_armcm3.o(.text)
    Interrupt9_Handler                       0x00000669   Thumb Code     2  startup_armcm3.o(.text)
    SystemInit                               0x00000675   Thumb Code    14  system_armcm3.o(i.SystemInit)
    SystemCoreClock                          0x20000000   Data           4  system_armcm3.o(.data)
    __stack_limit                            0x20000008   Data           0  startup_armcm3.o(STACK)
    __initial_sp                             0x20000408   Data           0  startup_armcm3.o(STACK)



==============================================================================

Memory Map of the image

  Image entry point : Not specified.

  Load Region LR_IROM1 (Base: 0x00000000, Size: 0x00000698, Max: 0x00040000, ABSOLUTE)

    Execution Region ER_IROM1 (Exec base: 0x00000000, Load base: 0x00000000, Size: 0x00000694, Max: 0x00040000, ABSOLUTE)

    Exec Addr    Load Addr    Size         Type   Attr      Idx    E Section Name        Object

    0x00000000   0x00000000   0x000003c0   Data   RO           14    RESET               startup_armcm3.o
    0x000003c0   0x000003c0   0x00000016   Code   RO            1  * .text               main.o
    0x000003d6   0x000003d6   0x00000002   PAD
    0x000003d8   0x000003d8   0x00000098   Code   RO            6  * .text               led_config.o
    0x00000470   0x00000470   0x000001cc   Code   RO            9  * .text               motor_config.o
    0x0000063c   0x0000063c   0x00000038   Code   RO           15    .text               startup_armcm3.o
    0x00000674   0x00000674   0x00000020   Code   RO           23    i.SystemInit        system_armcm3.o


    Execution Region RW_IRAM1 (Exec base: 0x20000000, Load base: 0x00000694, Size: 0x00000408, Max: 0x00020000, ABSOLUTE)

    Exec Addr    Load Addr    Size         Type   Attr      Idx    E Section Name        Object

    0x20000000   0x00000694   0x00000004   Data   RW           24    .data               system_armcm3.o
    0x20000004   0x00000698   0x00000004   PAD
    0x20000008        -       0x00000400   Zero   RW           12    STACK               startup_armcm3.o


==============================================================================

Image component sizes


      Code (inc. data)   RO Data    RW Data    ZI Data      Debug   Object Name

       152         26          0          0          0        288   led_config.o
        22          0          0          0          0        260   main.o
       460        112          0          0          0        380   motor_config.o
        56         10        960          0       1024       1168   startup_armcm3.o
        32         18          0          4          0       5163   system_armcm3.o

    ----------------------------------------------------------------------
       724        166        960          4       1028       7259   Object Totals
         0          0          0          0          0          0   (incl. Generated)
         2          0          0          0          4          0   (incl. Padding)

    ----------------------------------------------------------------------
         0          0          0          0          0          0   Library Totals
         0          0          0          0          0          0   (incl. Padding)

    ----------------------------------------------------------------------

==============================================================================


      Code (inc. data)   RO Data    RW Data    ZI Data      Debug   

       724        166        960          4       1028       7259   Grand Totals
       724        166        960          4       1028       7259   ELF Image Totals
       724        166        960          4          0          0   ROM Totals

==============================================================================

    Total RO  Size (Code + RO Data)                 1684 (   1.64kB)
    Total RW  Size (RW Data + ZI Data)              1032 (   1.01kB)
    Total ROM Size (Code + RO Data + RW Data)       1688 (   1.65kB)

==============================================================================

